// Vitest Snapshot v1, https://vitest.dev/guide/snapshot.html

exports[`Spooktoberfest Page > matches snapshot 1`] = `
<div
  class="public-page spooktoberfest-page"
>
  <header
    class="site-header "
  >
    <a
      aria-label="The Druids Den home"
      class="site-wordmark"
      data-discover="true"
      href="/"
    >
      <span
        aria-hidden="true"
        class="site-wordmark-symbol"
      >
        <span
          class="site-wordmark-awen"
        >
          <span
            aria-hidden="true"
            class="awen-symbol"
          >
            
          </span>
        </span>
      </span>
      <span>
        <strong>
          The Druids Den
        </strong>
        <small>
          Conover, Wisconsin
        </small>
      </span>
    </a>
    <button
      aria-controls="primary-navigation"
      aria-expanded="false"
      class="site-menu-toggle"
      type="button"
    >
      <span>
        Menu
      </span>
      <span
        aria-hidden="true"
        class="site-menu-lines"
      >
        <i />
        <i />
      </span>
    </button>
    <nav
      aria-label="Primary navigation"
      class="site-navigation "
      id="primary-navigation"
    >
      <a
        data-discover="true"
        href="/the-den"
      >
        The Den
      </a>
      <a
        data-discover="true"
        href="/gallery"
      >
        Gallery
      </a>
      <a
        data-discover="true"
        href="/northwoods"
      >
        Northwoods
      </a>
      <a
        data-discover="true"
        href="/story"
      >
        The Story
      </a>
      <a
        data-discover="true"
        href="/spooktoberfest"
      >
        Spooktoberfest
      </a>
      <a
        class="site-navigation-guide-link"
        data-discover="true"
        href="/guide"
      >
        Guest guide
      </a>
      <a
        class="site-navigation-cta"
        data-discover="true"
        href="/stay"
      >
        Plan a private stay
      </a>
    </nav>
  </header>
  <main>
    <section
      aria-labelledby="spooktoberfest-title"
      class="spooktoberfest-hero"
    >
      <div
        aria-hidden="true"
        class="spooktoberfest-hero-image"
      />
      <div
        class="spooktoberfest-hero-copy"
      >
        <span
          class="spooktoberfest-eyebrow"
        >
          A private autumn gathering
        </span>
        <h1
          id="spooktoberfest-title"
        >
          Spooktoberfest
        </h1>
        <h2
          class="coelbren-subheading spooktoberfest-subheading"
          data-testid="coelbren"
        >
          (Spooktoberfest)
        </h2>
        <h2
          class="subheading"
        >
          October 8th - 11th, 2026
        </h2>
        <a
          class="spooktoberfest-back-link"
          data-discover="true"
          href="/"
        >
          <span
            data-testid="awen"
          >
            Awen
          </span>
          <span>
            Go Back
          </span>
        </a>
      </div>
      <div
        aria-hidden="true"
        class="spooktoberfest-hero-mark"
      >
        <img
          alt=""
          class="asset-icon "
          loading="lazy"
          src="/assets/iconography/great-horned-owl.png"
        />
        <span>
          Fire / forest / fun
        </span>
      </div>
    </section>
    <section
      class="spooktoberfest-intro"
    >
      <span
        data-testid="flower"
      >
        Flower
      </span>
      <p>
        The third annual Spooktoberfest will combine Oktoberfest, Halloween, the Autumn Equinox, and Ryan's birthday into a single weekend of fun and merriment.
      </p>
      <span
        data-testid="leaf"
      >
        Leaf
      </span>
    </section>
    <div
      class="spooktoberfest-content"
    >
      <section
        class="spooktoberfest-section"
        id="what-to-expect"
      >
        <div
          class="spooktoberfest-section-heading"
        >
          <span
            class="spooktoberfest-section-kicker"
          >
            01 / The long weekend
          </span>
          <h2>
            What To Expect
          </h2>
        </div>
        <div
          class="spooktoberfest-section-body"
        >
          <div
            class="spooktoberfest-subsection"
          >
            <h3>
              Fanfare
            </h3>
            <figure
              data-testid="captioned-image"
            >
              <img
                alt="Swinging by Pumpkin Fest in Three Lakes during Spooktoberfest 2025"
                src="/assets/images/spooktoberfest_pumpkin_fest_2025_1.jpg"
              />
              <figcaption>
                Swinging by Pumpkin Fest in Three Lakes during Spooktoberfest 2025
              </figcaption>
            </figure>
            <p>
              We're modeling this year's Spooktoberfest after last year's events, but you're of course welcome to enjoy your time as you wish.
            </p>
          </div>
          <div
            class="spooktoberfest-day-list"
          >
            <h4>
              🔮 Threshold Thursday (October 8th)
            </h4>
            <ul>
              <li>
                First arrivals
              </li>
              <li>
                Group dinner at Buckshot's Saloon & Eatery in Eagle River
              </li>
              <li>
                Evening fire pit hangout back at The Druids Den
              </li>
            </ul>
            <h4>
              🍄 Freaky Friday (October 9th)
            </h4>
            <ul>
              <li>
                Arrivals throughout the day
              </li>
              <li>
                Breakfast at The Druids Den
              </li>
              <li>
                Daytime activities (hiking, lake time, etc.)
              </li>
              <li>
                After-dark shenanigans (fire pit, games, and the like)
              </li>
            </ul>
            <h4>
              🎃 Spooky Saturday (October 10th)
            </h4>
            <ul>
              <li>
                Arrivals throughout the day
              </li>
              <li>
                Breakfast at The Druids Den
              </li>
              <li>
                Pumpkin Fest in Three Lakes or other daytime activities as desired
              </li>
              <li>
                Costume party back at The Druids Den (costumes optional, but encouraged!)
              </li>
              <li>
                Evening grilling and fire pit hangout back at The Druids Den
              </li>
            </ul>
            <h4>
              🪵 Serene Sunday (October 11th)
            </h4>
            <ul>
              <li>
                Breakfast, cleanup, and farewells
              </li>
            </ul>
          </div>
          <div
            class="spooktoberfest-subsection"
          >
            <h3>
              Food
            </h3>
            <figure
              data-testid="captioned-image"
            >
              <img
                alt="A quick coffee at the Daily Grind in Eagle River"
                src="/assets/images/spooktoberfest_daily_grind_2025.jpg"
              />
              <figcaption>
                A quick coffee at the Daily Grind in Eagle River
              </figcaption>
            </figure>
            <p>
              We're tentatively planning on going out for meals as described above, but for breakfasts and lunch, our ask would be that all attending parties plan to make or bring at least one meal for all to share. We'll get a text chain going closer to the event to sort that out in more detail.
            </p>
          </div>
          <div
            class="spooktoberfest-subsection"
          >
            <h3>
              Sleeping Arrangements
            </h3>
            <figure
              data-testid="captioned-image"
            >
              <img
                alt="The primary bedroom at The Druids Den"
                src="/assets/images/druids_den_winter_bedroom.jpg"
              />
              <figcaption>
                The primary bedroom at The Druids Den
              </figcaption>
            </figure>
            <p>
              The cabin can sleep six naturally (two in the primary bedroom, two in the loft, and two on the air mattress), but depending on the number of RSVPs per night, we may have to get cozy with additional air mattresses set up in the space.
            </p>
            <p>
              Alternatively, you're welcome to bring a tent and camp on the land. Please let us know if you plan to do this so we can get a better feel for how to set up the cabin interior to support those who choose to sleep indoors.
            </p>
          </div>
        </div>
      </section>
      <section
        class="spooktoberfest-section spooktoberfest-section-sienna"
        id="when-to-expect-it"
      >
        <div
          class="spooktoberfest-section-heading"
        >
          <span
            class="spooktoberfest-section-kicker"
          >
            02 / Mark the dates
          </span>
          <h2>
            When To Expect It
          </h2>
        </div>
        <div
          class="spooktoberfest-section-body"
        >
          <figure
            data-testid="captioned-image"
          >
            <img
              alt="Gathering around the fire pit at Spooktoberfest 2025"
              src="/assets/images/spooktoberfest_fire_pit_2025.jpg"
            />
            <figcaption>
              Gathering around the fire pit at Spooktoberfest 2025
            </figcaption>
          </figure>
          <p>
            Spooktoberfest will run from Thursday, October 8th through Sunday, October 11th, 2026.
          </p>
          <p>
            You're welcome to stay as many nights as you'd like in that window, with the final departures on Sunday the 11th.
          </p>
        </div>
      </section>
      <section
        class="spooktoberfest-section spooktoberfest-section-moss"
        id="where-to-expect-it"
      >
        <div
          class="spooktoberfest-section-heading"
        >
          <span
            class="spooktoberfest-section-kicker"
          >
            03 / Find the place
          </span>
          <h2>
            Where To Expect It
          </h2>
        </div>
        <div
          class="spooktoberfest-section-body"
        >
          <figure
            data-testid="captioned-image"
          >
            <img
              alt="The Druids Den and fire-pit area after dark"
              src="/assets/images/night-time-fire-pit.jpeg"
            />
            <figcaption>
              The Druids Den and fire-pit area after dark
            </figcaption>
          </figure>
          <p>
            The address for The Druids Den was on the physical invite you received in the mail. We can of course text you the address if you need it again.
          </p>
          <p>
            Apple Maps and Google Maps both feature our address now. So long as you have reception, you should be able to find us!
          </p>
        </div>
      </section>
      <section
        class="spooktoberfest-section spooktoberfest-section-shiitake"
        id="more-to-come"
      >
        <div
          class="spooktoberfest-section-heading"
        >
          <span
            class="spooktoberfest-section-kicker"
          >
            04 / Keep watching
          </span>
          <h2>
            More to Come
          </h2>
        </div>
        <div
          class="spooktoberfest-section-body"
        >
          <p>
            We'll have more updates as we get closer to the kickoff of Spooktoberfest 2026.
          </p>
          <p>
            In the meantime, if you have any questions or curiosities, don't hesitate to contact either Ryan or Lacey.
          </p>
        </div>
      </section>
    </div>
  </main>
  <footer
    class="site-footer"
  >
    <div
      class="site-footer-mark"
    >
      <span
        aria-hidden="true"
        class="site-wordmark-symbol"
      >
        <span
          class="site-wordmark-awen"
        >
          <span
            aria-hidden="true"
            class="awen-symbol"
          >
            
          </span>
        </span>
      </span>
      <div>
        <span
          class="coelbren-label "
        >
          <span
            class="sr-only"
          >
            Return to the woods
          </span>
          <span
            aria-hidden="true"
          >
               
          </span>
        </span>
        <p>
          The Druids Den
        </p>
      </div>
    </div>
    <div
      class="site-footer-links"
    >
      <div>
        <span
          class="footer-label"
        >
          Find your way
        </span>
        <a
          data-discover="true"
          href="/the-den"
        >
          The Den
        </a>
        <a
          data-discover="true"
          href="/gallery"
        >
          Gallery
        </a>
        <a
          data-discover="true"
          href="/northwoods"
        >
          Northwoods
        </a>
        <a
          data-discover="true"
          href="/guide"
        >
          Guest guide
        </a>
      </div>
      <div>
        <span
          class="footer-label"
        >
          Ask the keepers
        </span>
        <a
          href="mailto:grovekeeper@druidsdenwi.com"
        >
          grovekeeper@druidsdenwi.com
        </a>
        <span>
          Conover, Wisconsin
        </span>
      </div>
    </div>
    <div
      class="site-footer-bottom"
    >
      <span>
        Private hospitality by invitation
      </span>
      <span>
        ©
        <span
          class="site-footer-year"
        >
          2026
        </span>
        <span
          class="site-footer-title"
        >
          The Druids Den
        </span>
      </span>
    </div>
  </footer>
</div>
`;
